// Vitest Snapshot v1

exports[`cli help command snapshot test > --help 1`] = `
"cli.ts

resolve dependencies and generate

Commands:
  cli.ts init  make a wire.ts
  cli.ts       resolve dependencies and generate                       [default]

Options:
  -p, --project  Path to the tsconfig file          [default: \\"./tsconfig.json\\"]
  -i, --input    Path to the file that has providers    [default: \\"src/wire.ts\\"]
  -o, --output   Path to the output file      [default: \\"src/wire-generated.ts\\"]
  -h, --help     Show help                                             [boolean]
  -v, --version  Show version number                                   [boolean]
"
`;

exports[`cli help command snapshot test > -h 1`] = `
"cli.ts

resolve dependencies and generate

Commands:
  cli.ts init  make a wire.ts
  cli.ts       resolve dependencies and generate                       [default]

Options:
  -p, --project  Path to the tsconfig file          [default: \\"./tsconfig.json\\"]
  -i, --input    Path to the file that has providers    [default: \\"src/wire.ts\\"]
  -o, --output   Path to the output file      [default: \\"src/wire-generated.ts\\"]
  -h, --help     Show help                                             [boolean]
  -v, --version  Show version number                                   [boolean]
"
`;

exports[`cli help command snapshot test > init --help 1`] = `
"cli.ts init

make a wire.ts

Options:
  -p, --path     Path to the creating file              [default: \\"src/wire.ts\\"]
  -h, --help     Show help                                             [boolean]
  -v, --version  Show version number                                   [boolean]
"
`;

exports[`cli help command snapshot test > init -h 1`] = `
"cli.ts init

make a wire.ts

Options:
  -p, --path     Path to the creating file              [default: \\"src/wire.ts\\"]
  -h, --help     Show help                                             [boolean]
  -v, --version  Show version number                                   [boolean]
"
`;
